
**** 11/18/16 09:55:20 ****** PSpice 16.5.0 (April 2011) ****** ID# 0 ********

 ** Profile: "commonemitter-DC"  [ D:\Downloads\OrCAD\LearningResources\BasicElectronics\06 BJT\Designfiles\bjt-pspicefiles\commonemi


 ****     CIRCUIT DESCRIPTION


******************************************************************************




** Creating circuit file "dc.cir" 
** WARNING: THIS AUTOMATICALLY GENERATED FILE MAY BE OVERWRITTEN BY SUBSEQUENT SIMULATIONS

*Libraries: 
* Profile Libraries :
* Local Libraries :
* From [PSPICE NETLIST] section of C:\Cadence\SPB_16.5\tools\PSpice\PSpice.ini file:
.lib "nom.lib" 

*Analysis directives: 
.DC LIN V_V2 0 1 0.01 
.PROBE V(alias(*)) I(alias(*)) W(alias(*)) D(alias(*)) NOISE(alias(*)) 
.INC "..\commonemitter.net" 



**** INCLUDING commonemitter.net ****
* source BJT
R_R1         N06215 N00046  1k TC=0,0 
V_V1         N00073 0 10
R_R2         N00064 N00073  100 TC=0,0 
V_V2         N06215 0 5
Q_Q1         N00064 N00046 0 Q2N2222

**** RESUMING dc.cir ****
.END

**** 11/18/16 09:55:20 ****** PSpice 16.5.0 (April 2011) ****** ID# 0 ********

 ** Profile: "commonemitter-DC"  [ D:\Downloads\OrCAD\LearningResources\BasicElectronics\06 BJT\Designfiles\bjt-pspicefiles\commonemi


 ****     BJT MODEL PARAMETERS


******************************************************************************




               Q2N2222         
               NPN             
       LEVEL    1            
          IS   14.340000E-15 
          BF  255.9          
          NF    1            
         VAF   74.03         
         IKF     .2847       
         ISE   14.340000E-15 
          NE    1.307        
          BR    6.092        
          NR    1            
         ISS    0            
          RB   10            
          RE    0            
          RC    1            
         CJE   22.010000E-12 
         VJE     .75         
         MJE     .377        
         CJC    7.306000E-12 
         VJC     .75         
         MJC     .3416       
        XCJC    1            
         CJS    0            
         VJS     .75         
          TF  411.100000E-12 
         XTF    3            
         VTF    1.7          
         ITF     .6          
          TR   46.910000E-09 
         XTB    1.5          
          KF    0            
          AF    1            
          CN    2.42         
           D     .87         



          JOB CONCLUDED

**** 11/18/16 09:55:20 ****** PSpice 16.5.0 (April 2011) ****** ID# 0 ********

 ** Profile: "commonemitter-DC"  [ D:\Downloads\OrCAD\LearningResources\BasicElectronics\06 BJT\Designfiles\bjt-pspicefiles\commonemi


 ****     JOB STATISTICS SUMMARY


******************************************************************************



  Total job time (using Solver 1)   =         .03
