#-----------------------------------------------------------
# Vivado v2023.1 (64-bit)
# SW Build 3865809 on Sun May  7 15:05:29 MDT 2023
# IP Build 3864474 on Sun May  7 20:36:21 MDT 2023
# SharedData Build 3865790 on Sun May 07 13:33:03 MDT 2023
# Start of session at: Sun Mar 29 23:10:12 2026
# Process ID: 18644
# Current directory: D:/constructing_projects/FPGA_projects/FPGA_design_course/lab3_IPCore/vivado/IPCore.runs/DCM_PLL_synth_1
# Command line: vivado.exe -log DCM_PLL.vds -product Vivado -mode batch -messageDb vivado.pb -notrace -source DCM_PLL.tcl
# Log file: D:/constructing_projects/FPGA_projects/FPGA_design_course/lab3_IPCore/vivado/IPCore.runs/DCM_PLL_synth_1/DCM_PLL.vds
# Journal file: D:/constructing_projects/FPGA_projects/FPGA_design_course/lab3_IPCore/vivado/IPCore.runs/DCM_PLL_synth_1\vivado.jou
# Running On: LAPTOP-8QC78VQI, OS: Windows, CPU Frequency: 3793 MHz, CPU Physical cores: 16, Host memory: 16312 MB
#-----------------------------------------------------------
source DCM_PLL.tcl -notrace
