Copyright 1986-2022 Xilinx, Inc. All Rights Reserved. Copyright 2022-2023 Advanced Micro Devices, Inc. All Rights Reserved.
---------------------------------------------------------------------------------------------------------------------------------------------
| Tool Version : Vivado v.2023.1 (win64) Build 3865809 Sun May  7 15:05:29 MDT 2023
| Date         : Tue Mar 31 23:19:07 2026
| Host         : LAPTOP-8QC78VQI running 64-bit major release  (build 9200)
| Command      : report_control_sets -verbose -file IPCore_control_sets_placed.rpt
| Design       : IPCore
| Device       : xc7a200t
---------------------------------------------------------------------------------------------------------------------------------------------

Control Set Information

Table of Contents
-----------------
1. Summary
2. Histogram
3. Flip-Flop Distribution
4. Detailed Control Set Information

1. Summary
----------

+----------------------------------------------------------+-------+
|                          Status                          | Count |
+----------------------------------------------------------+-------+
| Total control sets                                       |     9 |
|    Minimum number of control sets                        |     9 |
|    Addition due to synthesis replication                 |     0 |
|    Addition due to physical synthesis replication        |     0 |
| Unused register locations in slices containing registers |    40 |
+----------------------------------------------------------+-------+
* Control sets can be merged at opt_design using control_set_merge or merge_equivalent_drivers
** Run report_qor_suggestions for automated merging and remapping suggestions


2. Histogram
------------

+--------------------+-------+
|       Fanout       | Count |
+--------------------+-------+
| Total control sets |     9 |
| >= 0 to < 4        |     2 |
| >= 4 to < 6        |     1 |
| >= 6 to < 8        |     0 |
| >= 8 to < 10       |     1 |
| >= 10 to < 12      |     1 |
| >= 12 to < 14      |     0 |
| >= 14 to < 16      |     0 |
| >= 16              |     4 |
+--------------------+-------+
* Control sets can be remapped at either synth_design or opt_design


3. Flip-Flop Distribution
-------------------------

+--------------+-----------------------+------------------------+-----------------+--------------+
| Clock Enable | Synchronous Set/Reset | Asynchronous Set/Reset | Total Registers | Total Slices |
+--------------+-----------------------+------------------------+-----------------+--------------+
| No           | No                    | No                     |              30 |           29 |
| No           | No                    | Yes                    |               0 |            0 |
| No           | Yes                   | No                     |              42 |           16 |
| Yes          | No                    | No                     |              31 |            7 |
| Yes          | No                    | Yes                    |               0 |            0 |
| Yes          | Yes                   | No                     |              33 |           11 |
+--------------+-----------------------+------------------------+-----------------+--------------+


4. Detailed Control Set Information
-----------------------------------

+-------------------------------+----------------------+-----------------------------+------------------+----------------+--------------+
|          Clock Signal         |     Enable Signal    |       Set/Reset Signal      | Slice Load Count | Bel Load Count | Bels / Slice |
+-------------------------------+----------------------+-----------------------------+------------------+----------------+--------------+
|  DCM_INST/inst/clk_out1       | sync_inst/EndLine    |                             |                1 |              1 |         1.00 |
|  TMDS_inst/tmds_clk_IBUF_BUFG |                      |                             |                3 |              3 |         1.00 |
|  TMDS_inst/tmds_clk_IBUF_BUFG |                      | TMDS_inst/clear             |                1 |              5 |         5.00 |
|  DCM_INST/inst/clk_out1       | sync_inst/EndLine    | sync_inst/PosY_reg          |                5 |              9 |         1.80 |
|  DCM_INST/inst/clk_out1       |                      | sync_inst/EndLine           |                3 |             10 |         3.33 |
|  DCM_INST/inst/clk_out1       | sync_inst/ActiveArea | TMDS_inst/encode_blue/SR[0] |                6 |             24 |         4.00 |
|  DCM_INST/inst/clk_out1       |                      |                             |               26 |             27 |         1.04 |
|  DCM_INST/inst/clk_out1       |                      | reset_IBUF                  |               12 |             27 |         2.25 |
|  TMDS_inst/tmds_clk_IBUF_BUFG | TMDS_inst/clear      |                             |                6 |             30 |         5.00 |
+-------------------------------+----------------------+-----------------------------+------------------+----------------+--------------+


