
*** Running vivado
    with args -log IPCore.vds -m64 -product Vivado -mode batch -messageDb vivado.pb -notrace -source IPCore.tcl


ECHO 处于关闭状态。
ECHO 处于关闭状态。

****** Vivado v2023.1 (64-bit)
  **** SW Build 3865809 on Sun May  7 15:05:29 MDT 2023
  **** IP Build 3864474 on Sun May  7 20:36:21 MDT 2023
  **** SharedData Build 3865790 on Sun May 07 13:33:03 MDT 2023
    ** Copyright 1986-2022 Xilinx, Inc. All Rights Reserved.
    ** Copyright 2022-2023 Advanced Micro Devices, Inc. All Rights Reserved.

source IPCore.tcl -notrace
create_project: Time (s): cpu = 00:00:05 ; elapsed = 00:00:05 . Memory (MB): peak = 438.965 ; gain = 164.289
Command: synth_design -top IPCore -part xc7a200tfbg484-1
Starting synth_design
Attempting to get a license for feature 'Synthesis' and/or device 'xc7a200t'
INFO: [Common 17-349] Got license for feature 'Synthesis' and/or device 'xc7a200t'
INFO: [Device 21-403] Loading part xc7a200tfbg484-1
INFO: [Synth 8-7079] Multithreading enabled for synth_design using a maximum of 2 processes.
INFO: [Synth 8-7078] Launching helper process for spawning children vivado processes
INFO: [Synth 8-7075] Helper process launched with PID 11628
INFO: [Synth 8-11241] undeclared symbol 'EndFrame', assumed default net type 'wire' [D:/constructing_projects/FPGA_projects/FPGA_design_course/lab3_IPCore/src/code/syncGenarator.v:36]
---------------------------------------------------------------------------------
Starting RTL Elaboration : Time (s): cpu = 00:00:04 ; elapsed = 00:00:05 . Memory (MB): peak = 1319.289 ; gain = 409.598
---------------------------------------------------------------------------------
INFO: [Synth 8-6157] synthesizing module 'IPCore' [D:/constructing_projects/FPGA_projects/FPGA_design_course/lab3_IPCore/src/code/IPCore.v:2]
INFO: [Synth 8-6157] synthesizing module 'DCM_PLL' [D:/constructing_projects/FPGA_projects/FPGA_design_course/lab3_IPCore/vivado/IPCore.runs/synth_1/.Xil/Vivado-23632-LAPTOP-8QC78VQI/realtime/DCM_PLL_stub.v:6]
INFO: [Synth 8-6155] done synthesizing module 'DCM_PLL' (0#1) [D:/constructing_projects/FPGA_projects/FPGA_design_course/lab3_IPCore/vivado/IPCore.runs/synth_1/.Xil/Vivado-23632-LAPTOP-8QC78VQI/realtime/DCM_PLL_stub.v:6]
INFO: [Synth 8-6157] synthesizing module 'syncGenarator' [D:/constructing_projects/FPGA_projects/FPGA_design_course/lab3_IPCore/src/code/syncGenarator.v:5]
INFO: [Synth 8-6155] done synthesizing module 'syncGenarator' (0#1) [D:/constructing_projects/FPGA_projects/FPGA_design_course/lab3_IPCore/src/code/syncGenarator.v:5]
INFO: [Synth 8-6157] synthesizing module 'PictureROM' [D:/constructing_projects/FPGA_projects/FPGA_design_course/lab3_IPCore/vivado/IPCore.runs/synth_1/.Xil/Vivado-23632-LAPTOP-8QC78VQI/realtime/PictureROM_stub.v:6]
INFO: [Synth 8-6155] done synthesizing module 'PictureROM' (0#1) [D:/constructing_projects/FPGA_projects/FPGA_design_course/lab3_IPCore/vivado/IPCore.runs/synth_1/.Xil/Vivado-23632-LAPTOP-8QC78VQI/realtime/PictureROM_stub.v:6]
INFO: [Synth 8-6157] synthesizing module 'TMDSencode' [D:/constructing_projects/FPGA_projects/FPGA_design_course/lab3_IPCore/src/code/TMDSencode.v:2]
INFO: [Synth 8-6155] done synthesizing module 'TMDSencode' (0#1) [D:/constructing_projects/FPGA_projects/FPGA_design_course/lab3_IPCore/src/code/TMDSencode.v:2]
INFO: [Synth 8-6157] synthesizing module 'OBUFDS' [D:/program/Xilinx/Vivado/2023.1/scripts/rt/data/unisim_comp.v:91135]
INFO: [Synth 8-6155] done synthesizing module 'OBUFDS' (0#1) [D:/program/Xilinx/Vivado/2023.1/scripts/rt/data/unisim_comp.v:91135]
INFO: [Synth 8-6155] done synthesizing module 'IPCore' (0#1) [D:/constructing_projects/FPGA_projects/FPGA_design_course/lab3_IPCore/src/code/IPCore.v:2]
---------------------------------------------------------------------------------
Finished RTL Elaboration : Time (s): cpu = 00:00:05 ; elapsed = 00:00:06 . Memory (MB): peak = 1410.258 ; gain = 500.566
---------------------------------------------------------------------------------
---------------------------------------------------------------------------------
Start Handling Custom Attributes
---------------------------------------------------------------------------------
---------------------------------------------------------------------------------
Finished Handling Custom Attributes : Time (s): cpu = 00:00:05 ; elapsed = 00:00:06 . Memory (MB): peak = 1410.258 ; gain = 500.566
---------------------------------------------------------------------------------
---------------------------------------------------------------------------------
Finished RTL Optimization Phase 1 : Time (s): cpu = 00:00:05 ; elapsed = 00:00:06 . Memory (MB): peak = 1410.258 ; gain = 500.566
---------------------------------------------------------------------------------
Netlist sorting complete. Time (s): cpu = 00:00:00 ; elapsed = 00:00:00.002 . Memory (MB): peak = 1410.258 ; gain = 0.000
INFO: [Netlist 29-17] Analyzing 4 Unisim elements for replacement
INFO: [Netlist 29-28] Unisim Transformation completed in 0 CPU seconds
INFO: [Project 1-570] Preparing netlist for logic optimization

Processing XDC Constraints
Initializing timing engine
Parsing XDC File [d:/constructing_projects/FPGA_projects/FPGA_design_course/lab3_IPCore/vivado/IPCore.gen/sources_1/ip/PictureROM/PictureROM/PictureROM_in_context.xdc] for cell 'ROMInst'
Finished Parsing XDC File [d:/constructing_projects/FPGA_projects/FPGA_design_course/lab3_IPCore/vivado/IPCore.gen/sources_1/ip/PictureROM/PictureROM/PictureROM_in_context.xdc] for cell 'ROMInst'
Parsing XDC File [d:/constructing_projects/FPGA_projects/FPGA_design_course/lab3_IPCore/vivado/IPCore.gen/sources_1/ip/DCM_PLL/DCM_PLL/DCM_PLL_in_context.xdc] for cell 'DCM_INST'
Finished Parsing XDC File [d:/constructing_projects/FPGA_projects/FPGA_design_course/lab3_IPCore/vivado/IPCore.gen/sources_1/ip/DCM_PLL/DCM_PLL/DCM_PLL_in_context.xdc] for cell 'DCM_INST'
Parsing XDC File [D:/constructing_projects/FPGA_projects/FPGA_design_course/lab3_IPCore/src/IPCore.xdc]
Finished Parsing XDC File [D:/constructing_projects/FPGA_projects/FPGA_design_course/lab3_IPCore/src/IPCore.xdc]
INFO: [Project 1-236] Implementation specific constraints were found while reading constraint file [D:/constructing_projects/FPGA_projects/FPGA_design_course/lab3_IPCore/src/IPCore.xdc]. These constraints will be ignored for synthesis but will be used in implementation. Impacted constraints are listed in the file [.Xil/IPCore_propImpl.xdc].
Resolution: To avoid this warning, move constraints listed in [.Xil/IPCore_propImpl.xdc] to another XDC file and exclude this new file from synthesis with the used_in_synthesis property (File Properties dialog in GUI) and re-run elaboration/synthesis.
Completed Processing XDC Constraints

Netlist sorting complete. Time (s): cpu = 00:00:00 ; elapsed = 00:00:00 . Memory (MB): peak = 1484.910 ; gain = 0.000
INFO: [Project 1-111] Unisim Transformation Summary:
  A total of 4 instances were transformed.
  OBUFDS => OBUFDS: 4 instances

Constraint Validation Runtime : Time (s): cpu = 00:00:00 ; elapsed = 00:00:00.004 . Memory (MB): peak = 1484.910 ; gain = 0.000
---------------------------------------------------------------------------------
Finished Constraint Validation : Time (s): cpu = 00:00:14 ; elapsed = 00:00:16 . Memory (MB): peak = 1484.910 ; gain = 575.219
---------------------------------------------------------------------------------
---------------------------------------------------------------------------------
Start Loading Part and Timing Information
---------------------------------------------------------------------------------
Loading part: xc7a200tfbg484-1
---------------------------------------------------------------------------------
Finished Loading Part and Timing Information : Time (s): cpu = 00:00:14 ; elapsed = 00:00:16 . Memory (MB): peak = 1484.910 ; gain = 575.219
---------------------------------------------------------------------------------
---------------------------------------------------------------------------------
Start Applying 'set_property' XDC Constraints
---------------------------------------------------------------------------------
Applied set_property IO_BUFFER_TYPE = NONE for clk. (constraint file  d:/constructing_projects/FPGA_projects/FPGA_design_course/lab3_IPCore/vivado/IPCore.gen/sources_1/ip/DCM_PLL/DCM_PLL/DCM_PLL_in_context.xdc, line 4).
Applied set_property CLOCK_BUFFER_TYPE = NONE for clk. (constraint file  d:/constructing_projects/FPGA_projects/FPGA_design_course/lab3_IPCore/vivado/IPCore.gen/sources_1/ip/DCM_PLL/DCM_PLL/DCM_PLL_in_context.xdc, line 5).
Applied set_property KEEP_HIERARCHY = SOFT for ROMInst. (constraint file  auto generated constraint).
Applied set_property KEEP_HIERARCHY = SOFT for DCM_INST. (constraint file  auto generated constraint).
---------------------------------------------------------------------------------
Finished applying 'set_property' XDC Constraints : Time (s): cpu = 00:00:14 ; elapsed = 00:00:16 . Memory (MB): peak = 1484.910 ; gain = 575.219
---------------------------------------------------------------------------------
---------------------------------------------------------------------------------
Finished RTL Optimization Phase 2 : Time (s): cpu = 00:00:14 ; elapsed = 00:00:16 . Memory (MB): peak = 1484.910 ; gain = 575.219
---------------------------------------------------------------------------------
---------------------------------------------------------------------------------
Start RTL Component Statistics 
---------------------------------------------------------------------------------
Detailed RTL Component Info : 
+---Adders : 
	   2 Input   10 Bit       Adders := 3     
	   2 Input    9 Bit       Adders := 1     
	   2 Input    7 Bit       Adders := 1     
+---Registers : 
	               10 Bit    Registers := 2     
+---Muxes : 
	   4 Input   12 Bit        Muxes := 1     
	   2 Input    8 Bit        Muxes := 3     
	   2 Input    1 Bit        Muxes := 1     
---------------------------------------------------------------------------------
Finished RTL Component Statistics 
---------------------------------------------------------------------------------
---------------------------------------------------------------------------------
Start Part Resource Summary
---------------------------------------------------------------------------------
Part Resources:
DSPs: 740 (col length:100)
BRAMs: 730 (col length: RAMB18 100 RAMB36 50)
---------------------------------------------------------------------------------
Finished Part Resource Summary
---------------------------------------------------------------------------------
---------------------------------------------------------------------------------
Start Cross Boundary and Area Optimization
---------------------------------------------------------------------------------
WARNING: [Synth 8-7080] Parallel synthesis criteria is not met
---------------------------------------------------------------------------------
Finished Cross Boundary and Area Optimization : Time (s): cpu = 00:00:17 ; elapsed = 00:00:19 . Memory (MB): peak = 1484.910 ; gain = 575.219
---------------------------------------------------------------------------------
---------------------------------------------------------------------------------
Start Applying XDC Timing Constraints
---------------------------------------------------------------------------------
---------------------------------------------------------------------------------
Finished Applying XDC Timing Constraints : Time (s): cpu = 00:00:23 ; elapsed = 00:00:26 . Memory (MB): peak = 1484.910 ; gain = 575.219
---------------------------------------------------------------------------------
---------------------------------------------------------------------------------
Start Timing Optimization
---------------------------------------------------------------------------------
---------------------------------------------------------------------------------
Finished Timing Optimization : Time (s): cpu = 00:00:24 ; elapsed = 00:00:26 . Memory (MB): peak = 1484.910 ; gain = 575.219
---------------------------------------------------------------------------------
---------------------------------------------------------------------------------
Start Technology Mapping
---------------------------------------------------------------------------------
---------------------------------------------------------------------------------
Finished Technology Mapping : Time (s): cpu = 00:00:24 ; elapsed = 00:00:26 . Memory (MB): peak = 1484.910 ; gain = 575.219
---------------------------------------------------------------------------------
---------------------------------------------------------------------------------
Start IO Insertion
---------------------------------------------------------------------------------
---------------------------------------------------------------------------------
Start Flattening Before IO Insertion
---------------------------------------------------------------------------------
---------------------------------------------------------------------------------
Finished Flattening Before IO Insertion
---------------------------------------------------------------------------------
---------------------------------------------------------------------------------
Start Final Netlist Cleanup
---------------------------------------------------------------------------------
---------------------------------------------------------------------------------
Finished Final Netlist Cleanup
---------------------------------------------------------------------------------
---------------------------------------------------------------------------------
Finished IO Insertion : Time (s): cpu = 00:00:29 ; elapsed = 00:00:32 . Memory (MB): peak = 1484.910 ; gain = 575.219
---------------------------------------------------------------------------------
---------------------------------------------------------------------------------
Start Renaming Generated Instances
---------------------------------------------------------------------------------
---------------------------------------------------------------------------------
Finished Renaming Generated Instances : Time (s): cpu = 00:00:29 ; elapsed = 00:00:32 . Memory (MB): peak = 1484.910 ; gain = 575.219
---------------------------------------------------------------------------------
---------------------------------------------------------------------------------
Start Rebuilding User Hierarchy
---------------------------------------------------------------------------------
---------------------------------------------------------------------------------
Finished Rebuilding User Hierarchy : Time (s): cpu = 00:00:29 ; elapsed = 00:00:32 . Memory (MB): peak = 1484.910 ; gain = 575.219
---------------------------------------------------------------------------------
---------------------------------------------------------------------------------
Start Renaming Generated Ports
---------------------------------------------------------------------------------
---------------------------------------------------------------------------------
Finished Renaming Generated Ports : Time (s): cpu = 00:00:29 ; elapsed = 00:00:32 . Memory (MB): peak = 1484.910 ; gain = 575.219
---------------------------------------------------------------------------------
---------------------------------------------------------------------------------
Start Handling Custom Attributes
---------------------------------------------------------------------------------
---------------------------------------------------------------------------------
Finished Handling Custom Attributes : Time (s): cpu = 00:00:29 ; elapsed = 00:00:32 . Memory (MB): peak = 1484.910 ; gain = 575.219
---------------------------------------------------------------------------------
---------------------------------------------------------------------------------
Start Renaming Generated Nets
---------------------------------------------------------------------------------
---------------------------------------------------------------------------------
Finished Renaming Generated Nets : Time (s): cpu = 00:00:29 ; elapsed = 00:00:32 . Memory (MB): peak = 1484.910 ; gain = 575.219
---------------------------------------------------------------------------------
---------------------------------------------------------------------------------
Start Writing Synthesis Report
---------------------------------------------------------------------------------

Report BlackBoxes: 
+------+--------------+----------+
|      |BlackBox name |Instances |
+------+--------------+----------+
|1     |DCM_PLL       |         1|
|2     |PictureROM    |         1|
|3     |TMDSencode    |         1|
+------+--------------+----------+

Report Cell Usage: 
+------+-----------+------+
|      |Cell       |Count |
+------+-----------+------+
|1     |DCM_PLL    |     1|
|2     |PictureROM |     1|
|3     |TMDSencode |     1|
|4     |LUT1       |     1|
|5     |LUT2       |    29|
|6     |LUT3       |     8|
|7     |LUT4       |     9|
|8     |LUT5       |    11|
|9     |LUT6       |    16|
|10    |FDRE       |    20|
|11    |IBUF       |     1|
|12    |OBUFDS     |     4|
+------+-----------+------+
---------------------------------------------------------------------------------
Finished Writing Synthesis Report : Time (s): cpu = 00:00:29 ; elapsed = 00:00:32 . Memory (MB): peak = 1484.910 ; gain = 575.219
---------------------------------------------------------------------------------
Synthesis finished with 0 errors, 0 critical warnings and 1 warnings.
Synthesis Optimization Runtime : Time (s): cpu = 00:00:21 ; elapsed = 00:00:30 . Memory (MB): peak = 1484.910 ; gain = 500.566
Synthesis Optimization Complete : Time (s): cpu = 00:00:29 ; elapsed = 00:00:32 . Memory (MB): peak = 1484.910 ; gain = 575.219
INFO: [Project 1-571] Translating synthesized netlist
Parsing EDIF File [D:/constructing_projects/FPGA_projects/FPGA_design_course/lab3_IPCore/src/code/TMDSencode.edf]
Finished Parsing EDIF File [D:/constructing_projects/FPGA_projects/FPGA_design_course/lab3_IPCore/src/code/TMDSencode.edf]
Netlist sorting complete. Time (s): cpu = 00:00:00 ; elapsed = 00:00:00.004 . Memory (MB): peak = 1484.910 ; gain = 0.000
INFO: [Netlist 29-17] Analyzing 25 Unisim elements for replacement
INFO: [Netlist 29-28] Unisim Transformation completed in 0 CPU seconds
INFO: [Project 1-479] Netlist was created with Vivado 2023.1
INFO: [Project 1-570] Preparing netlist for logic optimization
WARNING: [Opt 31-32] Removing redundant IBUF since it is not being driven by a top-level port. TMDS_inst/ActiveArea_IBUF_inst 
Resolution: The tool has removed redundant IBUF. To resolve this warning, check for redundant IBUF in the input design.
WARNING: [Opt 31-32] Removing redundant IBUF since it is not being driven by a top-level port. TMDS_inst/blue_IBUF[0]_inst 
Resolution: The tool has removed redundant IBUF. To resolve this warning, check for redundant IBUF in the input design.
WARNING: [Opt 31-32] Removing redundant IBUF since it is not being driven by a top-level port. TMDS_inst/blue_IBUF[1]_inst 
Resolution: The tool has removed redundant IBUF. To resolve this warning, check for redundant IBUF in the input design.
WARNING: [Opt 31-32] Removing redundant IBUF since it is not being driven by a top-level port. TMDS_inst/blue_IBUF[2]_inst 
Resolution: The tool has removed redundant IBUF. To resolve this warning, check for redundant IBUF in the input design.
WARNING: [Opt 31-32] Removing redundant IBUF since it is not being driven by a top-level port. TMDS_inst/blue_IBUF[3]_inst 
Resolution: The tool has removed redundant IBUF. To resolve this warning, check for redundant IBUF in the input design.
WARNING: [Opt 31-32] Removing redundant IBUF since it is not being driven by a top-level port. TMDS_inst/blue_IBUF[4]_inst 
Resolution: The tool has removed redundant IBUF. To resolve this warning, check for redundant IBUF in the input design.
WARNING: [Opt 31-32] Removing redundant IBUF since it is not being driven by a top-level port. TMDS_inst/blue_IBUF[5]_inst 
Resolution: The tool has removed redundant IBUF. To resolve this warning, check for redundant IBUF in the input design.
WARNING: [Opt 31-32] Removing redundant IBUF since it is not being driven by a top-level port. TMDS_inst/blue_IBUF[6]_inst 
Resolution: The tool has removed redundant IBUF. To resolve this warning, check for redundant IBUF in the input design.
WARNING: [Opt 31-32] Removing redundant IBUF since it is not being driven by a top-level port. TMDS_inst/blue_IBUF[7]_inst 
Resolution: The tool has removed redundant IBUF. To resolve this warning, check for redundant IBUF in the input design.
WARNING: [Opt 31-32] Removing redundant IBUF since it is not being driven by a top-level port. TMDS_inst/green_IBUF[0]_inst 
Resolution: The tool has removed redundant IBUF. To resolve this warning, check for redundant IBUF in the input design.
WARNING: [Opt 31-32] Removing redundant IBUF since it is not being driven by a top-level port. TMDS_inst/green_IBUF[1]_inst 
Resolution: The tool has removed redundant IBUF. To resolve this warning, check for redundant IBUF in the input design.
WARNING: [Opt 31-32] Removing redundant IBUF since it is not being driven by a top-level port. TMDS_inst/green_IBUF[2]_inst 
Resolution: The tool has removed redundant IBUF. To resolve this warning, check for redundant IBUF in the input design.
WARNING: [Opt 31-32] Removing redundant IBUF since it is not being driven by a top-level port. TMDS_inst/green_IBUF[3]_inst 
Resolution: The tool has removed redundant IBUF. To resolve this warning, check for redundant IBUF in the input design.
WARNING: [Opt 31-32] Removing redundant IBUF since it is not being driven by a top-level port. TMDS_inst/green_IBUF[4]_inst 
Resolution: The tool has removed redundant IBUF. To resolve this warning, check for redundant IBUF in the input design.
WARNING: [Opt 31-32] Removing redundant IBUF since it is not being driven by a top-level port. TMDS_inst/green_IBUF[5]_inst 
Resolution: The tool has removed redundant IBUF. To resolve this warning, check for redundant IBUF in the input design.
WARNING: [Opt 31-32] Removing redundant IBUF since it is not being driven by a top-level port. TMDS_inst/green_IBUF[6]_inst 
Resolution: The tool has removed redundant IBUF. To resolve this warning, check for redundant IBUF in the input design.
WARNING: [Opt 31-32] Removing redundant IBUF since it is not being driven by a top-level port. TMDS_inst/green_IBUF[7]_inst 
Resolution: The tool has removed redundant IBUF. To resolve this warning, check for redundant IBUF in the input design.
WARNING: [Opt 31-32] Removing redundant IBUF since it is not being driven by a top-level port. TMDS_inst/hSync_IBUF_inst 
Resolution: The tool has removed redundant IBUF. To resolve this warning, check for redundant IBUF in the input design.
WARNING: [Opt 31-32] Removing redundant IBUF since it is not being driven by a top-level port. TMDS_inst/pixel_clk_IBUF_inst 
Resolution: The tool has removed redundant IBUF. To resolve this warning, check for redundant IBUF in the input design.
WARNING: [Opt 31-32] Removing redundant IBUF since it is not being driven by a top-level port. TMDS_inst/red_IBUF[0]_inst 
Resolution: The tool has removed redundant IBUF. To resolve this warning, check for redundant IBUF in the input design.
WARNING: [Opt 31-32] Removing redundant IBUF since it is not being driven by a top-level port. TMDS_inst/red_IBUF[1]_inst 
Resolution: The tool has removed redundant IBUF. To resolve this warning, check for redundant IBUF in the input design.
WARNING: [Opt 31-32] Removing redundant IBUF since it is not being driven by a top-level port. TMDS_inst/red_IBUF[2]_inst 
Resolution: The tool has removed redundant IBUF. To resolve this warning, check for redundant IBUF in the input design.
WARNING: [Opt 31-32] Removing redundant IBUF since it is not being driven by a top-level port. TMDS_inst/red_IBUF[3]_inst 
Resolution: The tool has removed redundant IBUF. To resolve this warning, check for redundant IBUF in the input design.
WARNING: [Opt 31-32] Removing redundant IBUF since it is not being driven by a top-level port. TMDS_inst/red_IBUF[4]_inst 
Resolution: The tool has removed redundant IBUF. To resolve this warning, check for redundant IBUF in the input design.
WARNING: [Opt 31-32] Removing redundant IBUF since it is not being driven by a top-level port. TMDS_inst/red_IBUF[5]_inst 
Resolution: The tool has removed redundant IBUF. To resolve this warning, check for redundant IBUF in the input design.
WARNING: [Opt 31-32] Removing redundant IBUF since it is not being driven by a top-level port. TMDS_inst/red_IBUF[6]_inst 
Resolution: The tool has removed redundant IBUF. To resolve this warning, check for redundant IBUF in the input design.
WARNING: [Opt 31-32] Removing redundant IBUF since it is not being driven by a top-level port. TMDS_inst/red_IBUF[7]_inst 
Resolution: The tool has removed redundant IBUF. To resolve this warning, check for redundant IBUF in the input design.
WARNING: [Opt 31-35] Removing redundant IBUF, TMDS_inst/reset_IBUF_inst, from the path connected to top-level port: reset 
Resolution: The tool has removed redundant IBUF. To resolve this warning, check for redundant IBUF in the input design.
WARNING: [Opt 31-32] Removing redundant IBUF since it is not being driven by a top-level port. TMDS_inst/tmds_clk_IBUF_inst 
Resolution: The tool has removed redundant IBUF. To resolve this warning, check for redundant IBUF in the input design.
WARNING: [Opt 31-32] Removing redundant IBUF since it is not being driven by a top-level port. TMDS_inst/vSync_IBUF_inst 
Resolution: The tool has removed redundant IBUF. To resolve this warning, check for redundant IBUF in the input design.
WARNING: [Opt 31-33] Removing redundant OBUF since it is not driving a top-level port. TMDS_inst/TMDSch0_OBUF_inst 
Resolution: The tool has removed redundant OBUF. To resolve this warning, check for redundant OBUF in the input design.
WARNING: [Opt 31-33] Removing redundant OBUF since it is not driving a top-level port. TMDS_inst/TMDSch1_OBUF_inst 
Resolution: The tool has removed redundant OBUF. To resolve this warning, check for redundant OBUF in the input design.
WARNING: [Opt 31-33] Removing redundant OBUF since it is not driving a top-level port. TMDS_inst/TMDSch2_OBUF_inst 
Resolution: The tool has removed redundant OBUF. To resolve this warning, check for redundant OBUF in the input design.
INFO: [Opt 31-138] Pushed 0 inverter(s) to 0 load pin(s).
Netlist sorting complete. Time (s): cpu = 00:00:00 ; elapsed = 00:00:00.001 . Memory (MB): peak = 1484.910 ; gain = 0.000
INFO: [Project 1-111] Unisim Transformation Summary:
  A total of 4 instances were transformed.
  OBUFDS => OBUFDS_DUAL_BUF (INV, OBUFDS(x2)): 4 instances

Synth Design complete | Checksum: c31cf1b7
INFO: [Common 17-83] Releasing license: Synthesis
31 Infos, 34 Warnings, 0 Critical Warnings and 0 Errors encountered.
synth_design completed successfully
synth_design: Time (s): cpu = 00:00:34 ; elapsed = 00:00:38 . Memory (MB): peak = 1484.910 ; gain = 1012.746
INFO: [Common 17-1381] The checkpoint 'D:/constructing_projects/FPGA_projects/FPGA_design_course/lab3_IPCore/vivado/IPCore.runs/synth_1/IPCore.dcp' has been generated.
INFO: [runtcl-4] Executing : report_utilization -file IPCore_utilization_synth.rpt -pb IPCore_utilization_synth.pb
INFO: [Common 17-206] Exiting Vivado at Tue Mar 31 23:11:55 2026...
