
**** 12/09/15 23:07:35 ****** PSpice Lite (October 2012) ****** ID# 10813 ****

 ** Profile: "Ohms_Law-DC"  [ C:\SPB_Data\cdssetup\OrCAD_Capture\16.6.0\tclscripts\caplearningresources\work\supportfiles\BasicElectr


 ****     CIRCUIT DESCRIPTION


******************************************************************************




** Creating circuit file "dc.cir" 
** WARNING: THIS AUTOMATICALLY GENERATED FILE MAY BE OVERWRITTEN BY SUBSEQUENT SIMULATIONS

*Libraries: 
* Profile Libraries :
* Local Libraries :
* From [PSPICE NETLIST] section of C:\SPB_Data\cdssetup\OrCAD_PSpice/16.6.0/PSpice.ini file:
.lib "nomd.lib" 

*Analysis directives: 
.DC LIN V_V1 0 25 1 
.OPTIONS ADVCONV
.PROBE64 V(alias(*)) I(alias(*)) W(alias(*)) D(alias(*)) NOISE(alias(*)) 
.INC "..\Ohms_Law.net" 



**** INCLUDING Ohms_Law.net ****
* source THEOREMS1
R_R1         N00993 0  2ohm TC=0,0 
V_V1         N00993 0 25vdc

**** RESUMING dc.cir ****
.END


          JOB CONCLUDED

**** 12/09/15 23:07:35 ****** PSpice Lite (October 2012) ****** ID# 10813 ****

 ** Profile: "Ohms_Law-DC"  [ C:\SPB_Data\cdssetup\OrCAD_Capture\16.6.0\tclscripts\caplearningresources\work\supportfiles\BasicElectr


 ****     JOB STATISTICS SUMMARY


******************************************************************************



  Total job time (using Solver 1)   =        0.00
