
**** 12/16/20 10:27:19 ****** PSpice 16.5.0 (April 2011) ****** ID# 0 ********

 ** Profile: "Amplifier-Tran"  [ D:\Downloads\OrCAD\LearningResources\BasicElectronics\06 BJT\Designfiles\bjt-pspicefiles\amplifier\t


 ****     CIRCUIT DESCRIPTION


******************************************************************************




** Creating circuit file "tran.cir" 
** WARNING: THIS AUTOMATICALLY GENERATED FILE MAY BE OVERWRITTEN BY SUBSEQUENT SIMULATIONS

*Libraries: 
* Profile Libraries :
* Local Libraries :
.LIB "../../../bjt-pspicefiles/bjt.lib" 
* From [PSPICE NETLIST] section of C:\Cadence\SPB_16.5\tools\PSpice\PSpice.ini file:
.lib "nom.lib" 

*Analysis directives: 
.TRAN  0 10ms 0 1u 
.PROBE V(alias(*)) I(alias(*)) W(alias(*)) D(alias(*)) NOISE(alias(*)) 
.INC "..\Amplifier.net" 



**** INCLUDING Amplifier.net ****
* source BJT
Q_Q2         N13499 N07515 N09807 Q2N2222
R_R4         0 N07515  20k TC=0,0 
V_V6         N08784 0  AC 0
+SIN 0 20m 1k 0 0 0
C_C2         N08784 N07515  0.33u  TC=0,0 
R_R5         N092361 N09807  0.50 TC=0,0 
R_R6         N07515 N09554  180k TC=0,0 
R_R7         0 N09807  2k TC=0,0 
C_C3         0 N092361  20u  TC=0,0 
R_R8         N13499 N09554  20k TC=0,0 
V_V4         N09554 0 20

**** RESUMING tran.cir ****
.END

**** 12/16/20 10:27:19 ****** PSpice 16.5.0 (April 2011) ****** ID# 0 ********

 ** Profile: "Amplifier-Tran"  [ D:\Downloads\OrCAD\LearningResources\BasicElectronics\06 BJT\Designfiles\bjt-pspicefiles\amplifier\t


 ****     BJT MODEL PARAMETERS


******************************************************************************




               Q2N2222         
               NPN             
       LEVEL    1            
          IS   14.340000E-15 
          BF  160            
          NF    1            
         VAF   74.03         
         IKF     .2847       
         ISE   14.340000E-15 
          NE    1.307        
          BR    6.092        
          NR    1            
         ISS    0            
          RB   10            
          RE    0            
          RC    1            
         CJE   22.010000E-12 
         VJE     .75         
         MJE     .377        
         CJC    7.306000E-12 
         VJC     .75         
         MJC     .3416       
        XCJC    1            
         CJS    0            
         VJS     .75         
          TF  411.100000E-12 
         XTF    3            
         VTF    1.7          
         ITF     .6          
          TR   46.910000E-09 
         XTB    1.5          
          KF    0            
          AF    1            
          CN    2.42         
           D     .87         


**** 12/16/20 10:27:19 ****** PSpice 16.5.0 (April 2011) ****** ID# 0 ********

 ** Profile: "Amplifier-Tran"  [ D:\Downloads\OrCAD\LearningResources\BasicElectronics\06 BJT\Designfiles\bjt-pspicefiles\amplifier\t


 ****     INITIAL TRANSIENT SOLUTION       TEMPERATURE =   27.000 DEG C


******************************************************************************



 NODE   VOLTAGE     NODE   VOLTAGE     NODE   VOLTAGE     NODE   VOLTAGE


(N07515)    1.9001 (N08784)    0.0000 (N09554)   20.0000 (N09807)    1.2681     

(N13499)    7.4297 (N092361)    1.2681                   




    VOLTAGE SOURCE CURRENTS
    NAME         CURRENT

    V_V6         0.000E+00
    V_V4        -7.291E-04

    TOTAL POWER DISSIPATION   1.46E-02  WATTS



          JOB CONCLUDED

**** 12/16/20 10:27:19 ****** PSpice 16.5.0 (April 2011) ****** ID# 0 ********

 ** Profile: "Amplifier-Tran"  [ D:\Downloads\OrCAD\LearningResources\BasicElectronics\06 BJT\Designfiles\bjt-pspicefiles\amplifier\t


 ****     JOB STATISTICS SUMMARY


******************************************************************************



  Total job time (using Solver 1)   =         .33
